// Jest Snapshot v1, https://goo.gl/fbAQLP

exports[`renders basic component 1`] = `ShallowWrapper {}`;
